Archive member included to satisfy reference by file (symbol)

D:\Workspace\CPP\dany-bot-frimware\DanyBotFrimWare\DanyBotLibrary\Debug\libDanyBotLibrary.a(DanyBotBuzzer.o)
                              main.o (_ZN13DanyBotBuzzer5setUpEv)
D:\Workspace\CPP\dany-bot-frimware\DanyBotFrimWare\DanyBotLibrary\Debug\libDanyBotLibrary.a(DanyBotLed.o)
                              main.o (_ZN10DanyBotLed5setUpEv)
D:\Workspace\CPP\dany-bot-frimware\DanyBotFrimWare\DanyBotLibrary\Debug\libDanyBotLibrary.a(DanyBotLineSensor.o)
                              main.o (_ZN17DanyBotLineSensor5setUpEv)
D:\Workspace\CPP\dany-bot-frimware\DanyBotFrimWare\DanyBotLibrary\Debug\libDanyBotLibrary.a(DanyBotMotors.o)
                              main.o (_ZN13DanyBotMotors5setUpEv)
D:\Workspace\CPP\dany-bot-frimware\DanyBotFrimWare\DanyBotLibrary\Debug\libDanyBotLibrary.a(DanyBotPushButton.o)
                              main.o (_ZN17DanyBotPushButton5setUpEv)
D:\Workspace\CPP\dany-bot-frimware\DanyBotFrimWare\DanyBotLibrary\Debug\libDanyBotLibrary.a(DanyBotSerial.o)
                              main.o (_ZN13DanyBotSerial5setUpEv)
D:\Workspace\CPP\dany-bot-frimware\DanyBotFrimWare\DanyBotLibrary\Debug\libDanyBotLibrary.a(DanyBotTimer.o)
                              main.o (_ZN12DanyBotTimer5setUpEv)
c:/program files (x86)/atmel/studio/7.0/toolchain/avr8/avr8-gnu-toolchain/bin/../lib/gcc/avr/5.4.0/avr5\libgcc.a(_mulsi3.o)
                              D:\Workspace\CPP\dany-bot-frimware\DanyBotFrimWare\DanyBotLibrary\Debug\libDanyBotLibrary.a(DanyBotBuzzer.o) (__mulsi3)
c:/program files (x86)/atmel/studio/7.0/toolchain/avr8/avr8-gnu-toolchain/bin/../lib/gcc/avr/5.4.0/avr5\libgcc.a(_udivmodhi4.o)
                              D:\Workspace\CPP\dany-bot-frimware\DanyBotFrimWare\DanyBotLibrary\Debug\libDanyBotLibrary.a(DanyBotBuzzer.o) (__udivmodhi4)
c:/program files (x86)/atmel/studio/7.0/toolchain/avr8/avr8-gnu-toolchain/bin/../lib/gcc/avr/5.4.0/avr5\libgcc.a(_divmodhi4.o)
                              D:\Workspace\CPP\dany-bot-frimware\DanyBotFrimWare\DanyBotLibrary\Debug\libDanyBotLibrary.a(DanyBotSerial.o) (__divmodhi4)
c:/program files (x86)/atmel/studio/7.0/toolchain/avr8/avr8-gnu-toolchain/bin/../lib/gcc/avr/5.4.0/avr5\libgcc.a(_udivmodsi4.o)
                              D:\Workspace\CPP\dany-bot-frimware\DanyBotFrimWare\DanyBotLibrary\Debug\libDanyBotLibrary.a(DanyBotBuzzer.o) (__udivmodsi4)
c:/program files (x86)/atmel/studio/7.0/toolchain/avr8/avr8-gnu-toolchain/bin/../lib/gcc/avr/5.4.0/avr5\libgcc.a(_divmodsi4.o)
                              D:\Workspace\CPP\dany-bot-frimware\DanyBotFrimWare\DanyBotLibrary\Debug\libDanyBotLibrary.a(DanyBotBuzzer.o) (__divmodsi4)
c:/program files (x86)/atmel/studio/7.0/toolchain/avr8/avr8-gnu-toolchain/bin/../lib/gcc/avr/5.4.0/avr5\libgcc.a(_negsi2.o)
                              c:/program files (x86)/atmel/studio/7.0/toolchain/avr8/avr8-gnu-toolchain/bin/../lib/gcc/avr/5.4.0/avr5\libgcc.a(_divmodsi4.o) (__negsi2)
c:/program files (x86)/atmel/studio/7.0/toolchain/avr8/avr8-gnu-toolchain/bin/../lib/gcc/avr/5.4.0/avr5\libgcc.a(_exit.o)
                              C:/Program Files (x86)/Atmel/Studio/7.0/Packs/atmel/ATmega_DFP/1.2.150/gcc/dev/atmega328p/avr5/crtatmega328p.o (exit)
c:/program files (x86)/atmel/studio/7.0/toolchain/avr8/avr8-gnu-toolchain/bin/../lib/gcc/avr/5.4.0/avr5\libgcc.a(_tablejump2.o)
                              D:\Workspace\CPP\dany-bot-frimware\DanyBotFrimWare\DanyBotLibrary\Debug\libDanyBotLibrary.a(DanyBotBuzzer.o) (__tablejump2__)
c:/program files (x86)/atmel/studio/7.0/toolchain/avr8/avr8-gnu-toolchain/bin/../lib/gcc/avr/5.4.0/avr5\libgcc.a(_copy_data.o)
                              D:\Workspace\CPP\dany-bot-frimware\DanyBotFrimWare\DanyBotLibrary\Debug\libDanyBotLibrary.a(DanyBotBuzzer.o) (__do_copy_data)
c:/program files (x86)/atmel/studio/7.0/toolchain/avr8/avr8-gnu-toolchain/bin/../lib/gcc/avr/5.4.0/avr5\libgcc.a(_clear_bss.o)
                              D:\Workspace\CPP\dany-bot-frimware\DanyBotFrimWare\DanyBotLibrary\Debug\libDanyBotLibrary.a(DanyBotBuzzer.o) (__do_clear_bss)
c:/program files (x86)/atmel/studio/7.0/toolchain/avr8/avr8-gnu-toolchain/bin/../lib/gcc/avr/5.4.0/avr5\libgcc.a(_umulhisi3.o)
                              D:\Workspace\CPP\dany-bot-frimware\DanyBotFrimWare\DanyBotLibrary\Debug\libDanyBotLibrary.a(DanyBotBuzzer.o) (__umulhisi3)
c:/program files (x86)/atmel/studio/7.0/toolchain/avr8/avr8-gnu-toolchain/bin/../lib/gcc/avr/5.4.0/avr5\libgcc.a(_muluhisi3.o)
                              D:\Workspace\CPP\dany-bot-frimware\DanyBotFrimWare\DanyBotLibrary\Debug\libDanyBotLibrary.a(DanyBotLineSensor.o) (__muluhisi3)

Discarded input sections

 .data          0x00000000        0x0 C:/Program Files (x86)/Atmel/Studio/7.0/Packs/atmel/ATmega_DFP/1.2.150/gcc/dev/atmega328p/avr5/crtatmega328p.o
 .bss           0x00000000        0x0 C:/Program Files (x86)/Atmel/Studio/7.0/Packs/atmel/ATmega_DFP/1.2.150/gcc/dev/atmega328p/avr5/crtatmega328p.o
 .text          0x00000000        0x0 main.o
 .data          0x00000000        0x0 main.o
 .bss           0x00000000        0x0 main.o
 .text          0x00000000        0x0 D:\Workspace\CPP\dany-bot-frimware\DanyBotFrimWare\DanyBotLibrary\Debug\libDanyBotLibrary.a(DanyBotBuzzer.o)
 .data          0x00000000        0x0 D:\Workspace\CPP\dany-bot-frimware\DanyBotFrimWare\DanyBotLibrary\Debug\libDanyBotLibrary.a(DanyBotBuzzer.o)
 .bss           0x00000000        0x0 D:\Workspace\CPP\dany-bot-frimware\DanyBotFrimWare\DanyBotLibrary\Debug\libDanyBotLibrary.a(DanyBotBuzzer.o)
 .text._ZN13DanyBotBuzzer9isPlayingEv
                0x00000000       0x1e D:\Workspace\CPP\dany-bot-frimware\DanyBotFrimWare\DanyBotLibrary\Debug\libDanyBotLibrary.a(DanyBotBuzzer.o)
 .text._ZN13DanyBotBuzzer4playEPKa
                0x00000000       0x1a D:\Workspace\CPP\dany-bot-frimware\DanyBotFrimWare\DanyBotLibrary\Debug\libDanyBotLibrary.a(DanyBotBuzzer.o)
 .text._ZN13DanyBotBuzzer20playFromProgramSpaceEPKa
                0x00000000       0x1c D:\Workspace\CPP\dany-bot-frimware\DanyBotFrimWare\DanyBotLibrary\Debug\libDanyBotLibrary.a(DanyBotBuzzer.o)
 .text._ZN13DanyBotBuzzer11stopPlayingEv
                0x00000000       0x2a D:\Workspace\CPP\dany-bot-frimware\DanyBotFrimWare\DanyBotLibrary\Debug\libDanyBotLibrary.a(DanyBotBuzzer.o)
 .text._ZN13DanyBotBuzzer9playCheckEv
                0x00000000       0x2e D:\Workspace\CPP\dany-bot-frimware\DanyBotFrimWare\DanyBotLibrary\Debug\libDanyBotLibrary.a(DanyBotBuzzer.o)
 .text._ZN13DanyBotBuzzer8playModeEh
                0x00000000        0xe D:\Workspace\CPP\dany-bot-frimware\DanyBotFrimWare\DanyBotLibrary\Debug\libDanyBotLibrary.a(DanyBotBuzzer.o)
 .bss.buzzerInitialized
                0x00000000        0x1 D:\Workspace\CPP\dany-bot-frimware\DanyBotFrimWare\DanyBotLibrary\Debug\libDanyBotLibrary.a(DanyBotBuzzer.o)
 .text          0x00000000        0x0 D:\Workspace\CPP\dany-bot-frimware\DanyBotFrimWare\DanyBotLibrary\Debug\libDanyBotLibrary.a(DanyBotLed.o)
 .data          0x00000000        0x0 D:\Workspace\CPP\dany-bot-frimware\DanyBotFrimWare\DanyBotLibrary\Debug\libDanyBotLibrary.a(DanyBotLed.o)
 .bss           0x00000000        0x0 D:\Workspace\CPP\dany-bot-frimware\DanyBotFrimWare\DanyBotLibrary\Debug\libDanyBotLibrary.a(DanyBotLed.o)
 .text._ZN10DanyBotLed2onEv
                0x00000000        0x4 D:\Workspace\CPP\dany-bot-frimware\DanyBotFrimWare\DanyBotLibrary\Debug\libDanyBotLibrary.a(DanyBotLed.o)
 .text._ZN10DanyBotLed3offEv
                0x00000000        0x4 D:\Workspace\CPP\dany-bot-frimware\DanyBotFrimWare\DanyBotLibrary\Debug\libDanyBotLibrary.a(DanyBotLed.o)
 .text          0x00000000        0x0 D:\Workspace\CPP\dany-bot-frimware\DanyBotFrimWare\DanyBotLibrary\Debug\libDanyBotLibrary.a(DanyBotLineSensor.o)
 .data          0x00000000        0x0 D:\Workspace\CPP\dany-bot-frimware\DanyBotFrimWare\DanyBotLibrary\Debug\libDanyBotLibrary.a(DanyBotLineSensor.o)
 .bss           0x00000000        0x0 D:\Workspace\CPP\dany-bot-frimware\DanyBotFrimWare\DanyBotLibrary\Debug\libDanyBotLibrary.a(DanyBotLineSensor.o)
 .text._ZN17DanyBotLineSensor8emiterOnEv
                0x00000000       0x10 D:\Workspace\CPP\dany-bot-frimware\DanyBotFrimWare\DanyBotLibrary\Debug\libDanyBotLibrary.a(DanyBotLineSensor.o)
 .text._ZN17DanyBotLineSensor5_readEPj
                0x00000000       0xc6 D:\Workspace\CPP\dany-bot-frimware\DanyBotFrimWare\DanyBotLibrary\Debug\libDanyBotLibrary.a(DanyBotLineSensor.o)
 .text._ZN17DanyBotLineSensor4readEPj
                0x00000000       0x1a D:\Workspace\CPP\dany-bot-frimware\DanyBotFrimWare\DanyBotLibrary\Debug\libDanyBotLibrary.a(DanyBotLineSensor.o)
 .text._ZN17DanyBotLineSensor9calibrateEv
                0x00000000       0xac D:\Workspace\CPP\dany-bot-frimware\DanyBotFrimWare\DanyBotLibrary\Debug\libDanyBotLibrary.a(DanyBotLineSensor.o)
 .text._ZN17DanyBotLineSensor13readCalibrateEPj
                0x00000000       0xd4 D:\Workspace\CPP\dany-bot-frimware\DanyBotFrimWare\DanyBotLibrary\Debug\libDanyBotLibrary.a(DanyBotLineSensor.o)
 .text._ZN17DanyBotLineSensor8readLineEPj
                0x00000000       0xd8 D:\Workspace\CPP\dany-bot-frimware\DanyBotFrimWare\DanyBotLibrary\Debug\libDanyBotLibrary.a(DanyBotLineSensor.o)
 .bss._ZZN17DanyBotLineSensor8readLineEPjE13previousValue
                0x00000000        0x2 D:\Workspace\CPP\dany-bot-frimware\DanyBotFrimWare\DanyBotLibrary\Debug\libDanyBotLibrary.a(DanyBotLineSensor.o)
 .bss.onLine    0x00000000        0x1 D:\Workspace\CPP\dany-bot-frimware\DanyBotFrimWare\DanyBotLibrary\Debug\libDanyBotLibrary.a(DanyBotLineSensor.o)
 .text          0x00000000        0x0 D:\Workspace\CPP\dany-bot-frimware\DanyBotFrimWare\DanyBotLibrary\Debug\libDanyBotLibrary.a(DanyBotMotors.o)
 .data          0x00000000        0x0 D:\Workspace\CPP\dany-bot-frimware\DanyBotFrimWare\DanyBotLibrary\Debug\libDanyBotLibrary.a(DanyBotMotors.o)
 .bss           0x00000000        0x0 D:\Workspace\CPP\dany-bot-frimware\DanyBotFrimWare\DanyBotLibrary\Debug\libDanyBotLibrary.a(DanyBotMotors.o)
 .text._ZN13DanyBotMotors13setRightSpeedEj
                0x00000000       0x22 D:\Workspace\CPP\dany-bot-frimware\DanyBotFrimWare\DanyBotLibrary\Debug\libDanyBotLibrary.a(DanyBotMotors.o)
 .text._ZN13DanyBotMotors12setLeftSpeedEj
                0x00000000       0x22 D:\Workspace\CPP\dany-bot-frimware\DanyBotFrimWare\DanyBotLibrary\Debug\libDanyBotLibrary.a(DanyBotMotors.o)
 .text._ZN13DanyBotMotors8setSpeedEjj
                0x00000000       0x16 D:\Workspace\CPP\dany-bot-frimware\DanyBotFrimWare\DanyBotLibrary\Debug\libDanyBotLibrary.a(DanyBotMotors.o)
 .text          0x00000000        0x0 D:\Workspace\CPP\dany-bot-frimware\DanyBotFrimWare\DanyBotLibrary\Debug\libDanyBotLibrary.a(DanyBotPushButton.o)
 .data          0x00000000        0x0 D:\Workspace\CPP\dany-bot-frimware\DanyBotFrimWare\DanyBotLibrary\Debug\libDanyBotLibrary.a(DanyBotPushButton.o)
 .bss           0x00000000        0x0 D:\Workspace\CPP\dany-bot-frimware\DanyBotFrimWare\DanyBotLibrary\Debug\libDanyBotLibrary.a(DanyBotPushButton.o)
 .text._ZN17DanyBotPushButton9isPressedEv
                0x00000000        0x8 D:\Workspace\CPP\dany-bot-frimware\DanyBotFrimWare\DanyBotLibrary\Debug\libDanyBotLibrary.a(DanyBotPushButton.o)
 .text._ZN17DanyBotPushButton10isReleasedEv
                0x00000000        0xa D:\Workspace\CPP\dany-bot-frimware\DanyBotFrimWare\DanyBotLibrary\Debug\libDanyBotLibrary.a(DanyBotPushButton.o)
 .text._ZN17DanyBotPushButton12waitForPressEv
                0x00000000       0x20 D:\Workspace\CPP\dany-bot-frimware\DanyBotFrimWare\DanyBotLibrary\Debug\libDanyBotLibrary.a(DanyBotPushButton.o)
 .text._ZN17DanyBotPushButton14waitForReleaseEv
                0x00000000       0x20 D:\Workspace\CPP\dany-bot-frimware\DanyBotFrimWare\DanyBotLibrary\Debug\libDanyBotLibrary.a(DanyBotPushButton.o)
 .text._ZN17DanyBotPushButton18waitForSingleClickEv
                0x00000000        0xa D:\Workspace\CPP\dany-bot-frimware\DanyBotFrimWare\DanyBotLibrary\Debug\libDanyBotLibrary.a(DanyBotPushButton.o)
 .text          0x00000000        0x0 D:\Workspace\CPP\dany-bot-frimware\DanyBotFrimWare\DanyBotLibrary\Debug\libDanyBotLibrary.a(DanyBotSerial.o)
 .data          0x00000000        0x0 D:\Workspace\CPP\dany-bot-frimware\DanyBotFrimWare\DanyBotLibrary\Debug\libDanyBotLibrary.a(DanyBotSerial.o)
 .bss           0x00000000        0x0 D:\Workspace\CPP\dany-bot-frimware\DanyBotFrimWare\DanyBotLibrary\Debug\libDanyBotLibrary.a(DanyBotSerial.o)
 .text._ZN13DanyBotSerial5flushEv
                0x00000000        0xa D:\Workspace\CPP\dany-bot-frimware\DanyBotFrimWare\DanyBotLibrary\Debug\libDanyBotLibrary.a(DanyBotSerial.o)
 .text._ZN13DanyBotSerial17getAvailableBytesEv
                0x00000000       0x1a D:\Workspace\CPP\dany-bot-frimware\DanyBotFrimWare\DanyBotLibrary\Debug\libDanyBotLibrary.a(DanyBotSerial.o)
 .text._ZN13DanyBotSerial8readByteEv
                0x00000000       0x2a D:\Workspace\CPP\dany-bot-frimware\DanyBotFrimWare\DanyBotLibrary\Debug\libDanyBotLibrary.a(DanyBotSerial.o)
 .text          0x00000000        0x0 D:\Workspace\CPP\dany-bot-frimware\DanyBotFrimWare\DanyBotLibrary\Debug\libDanyBotLibrary.a(DanyBotTimer.o)
 .data          0x00000000        0x0 D:\Workspace\CPP\dany-bot-frimware\DanyBotFrimWare\DanyBotLibrary\Debug\libDanyBotLibrary.a(DanyBotTimer.o)
 .bss           0x00000000        0x0 D:\Workspace\CPP\dany-bot-frimware\DanyBotFrimWare\DanyBotLibrary\Debug\libDanyBotLibrary.a(DanyBotTimer.o)
 .text._ZN12DanyBotTimer6millisEv
                0x00000000       0x18 D:\Workspace\CPP\dany-bot-frimware\DanyBotFrimWare\DanyBotLibrary\Debug\libDanyBotLibrary.a(DanyBotTimer.o)
 .text._ZN12DanyBotTimer6microsEv
                0x00000000       0x4e D:\Workspace\CPP\dany-bot-frimware\DanyBotFrimWare\DanyBotLibrary\Debug\libDanyBotLibrary.a(DanyBotTimer.o)
 .text._ZN12DanyBotTimer5startEv
                0x00000000       0x30 D:\Workspace\CPP\dany-bot-frimware\DanyBotFrimWare\DanyBotLibrary\Debug\libDanyBotLibrary.a(DanyBotTimer.o)
 .text._ZN12DanyBotTimer4stopEv
                0x00000000        0xc D:\Workspace\CPP\dany-bot-frimware\DanyBotFrimWare\DanyBotLibrary\Debug\libDanyBotLibrary.a(DanyBotTimer.o)
 .text          0x00000000        0x0 c:/program files (x86)/atmel/studio/7.0/toolchain/avr8/avr8-gnu-toolchain/bin/../lib/gcc/avr/5.4.0/avr5\libgcc.a(_mulsi3.o)
 .data          0x00000000        0x0 c:/program files (x86)/atmel/studio/7.0/toolchain/avr8/avr8-gnu-toolchain/bin/../lib/gcc/avr/5.4.0/avr5\libgcc.a(_mulsi3.o)
 .bss           0x00000000        0x0 c:/program files (x86)/atmel/studio/7.0/toolchain/avr8/avr8-gnu-toolchain/bin/../lib/gcc/avr/5.4.0/avr5\libgcc.a(_mulsi3.o)
 .text.libgcc.div
                0x00000000        0x0 c:/program files (x86)/atmel/studio/7.0/toolchain/avr8/avr8-gnu-toolchain/bin/../lib/gcc/avr/5.4.0/avr5\libgcc.a(_mulsi3.o)
 .text.libgcc   0x00000000        0x0 c:/program files (x86)/atmel/studio/7.0/toolchain/avr8/avr8-gnu-toolchain/bin/../lib/gcc/avr/5.4.0/avr5\libgcc.a(_mulsi3.o)
 .text.libgcc.prologue
                0x00000000        0x0 c:/program files (x86)/atmel/studio/7.0/toolchain/avr8/avr8-gnu-toolchain/bin/../lib/gcc/avr/5.4.0/avr5\libgcc.a(_mulsi3.o)
 .text.libgcc.builtins
                0x00000000        0x0 c:/program files (x86)/atmel/studio/7.0/toolchain/avr8/avr8-gnu-toolchain/bin/../lib/gcc/avr/5.4.0/avr5\libgcc.a(_mulsi3.o)
 .text.libgcc.fmul
                0x00000000        0x0 c:/program files (x86)/atmel/studio/7.0/toolchain/avr8/avr8-gnu-toolchain/bin/../lib/gcc/avr/5.4.0/avr5\libgcc.a(_mulsi3.o)
 .text.libgcc.fixed
                0x00000000        0x0 c:/program files (x86)/atmel/studio/7.0/toolchain/avr8/avr8-gnu-toolchain/bin/../lib/gcc/avr/5.4.0/avr5\libgcc.a(_mulsi3.o)
 .text          0x00000000        0x0 c:/program files (x86)/atmel/studio/7.0/toolchain/avr8/avr8-gnu-toolchain/bin/../lib/gcc/avr/5.4.0/avr5\libgcc.a(_udivmodhi4.o)
 .data          0x00000000        0x0 c:/program files (x86)/atmel/studio/7.0/toolchain/avr8/avr8-gnu-toolchain/bin/../lib/gcc/avr/5.4.0/avr5\libgcc.a(_udivmodhi4.o)
 .bss           0x00000000        0x0 c:/program files (x86)/atmel/studio/7.0/toolchain/avr8/avr8-gnu-toolchain/bin/../lib/gcc/avr/5.4.0/avr5\libgcc.a(_udivmodhi4.o)
 .text.libgcc.mul
                0x00000000        0x0 c:/program files (x86)/atmel/studio/7.0/toolchain/avr8/avr8-gnu-toolchain/bin/../lib/gcc/avr/5.4.0/avr5\libgcc.a(_udivmodhi4.o)
 .text.libgcc   0x00000000        0x0 c:/program files (x86)/atmel/studio/7.0/toolchain/avr8/avr8-gnu-toolchain/bin/../lib/gcc/avr/5.4.0/avr5\libgcc.a(_udivmodhi4.o)
 .text.libgcc.prologue
                0x00000000        0x0 c:/program files (x86)/atmel/studio/7.0/toolchain/avr8/avr8-gnu-toolchain/bin/../lib/gcc/avr/5.4.0/avr5\libgcc.a(_udivmodhi4.o)
 .text.libgcc.builtins
                0x00000000        0x0 c:/program files (x86)/atmel/studio/7.0/toolchain/avr8/avr8-gnu-toolchain/bin/../lib/gcc/avr/5.4.0/avr5\libgcc.a(_udivmodhi4.o)
 .text.libgcc.fmul
                0x00000000        0x0 c:/program files (x86)/atmel/studio/7.0/toolchain/avr8/avr8-gnu-toolchain/bin/../lib/gcc/avr/5.4.0/avr5\libgcc.a(_udivmodhi4.o)
 .text.libgcc.fixed
                0x00000000        0x0 c:/program files (x86)/atmel/studio/7.0/toolchain/avr8/avr8-gnu-toolchain/bin/../lib/gcc/avr/5.4.0/avr5\libgcc.a(_udivmodhi4.o)
 .text          0x00000000        0x0 c:/program files (x86)/atmel/studio/7.0/toolchain/avr8/avr8-gnu-toolchain/bin/../lib/gcc/avr/5.4.0/avr5\libgcc.a(_divmodhi4.o)
 .data          0x00000000        0x0 c:/program files (x86)/atmel/studio/7.0/toolchain/avr8/avr8-gnu-toolchain/bin/../lib/gcc/avr/5.4.0/avr5\libgcc.a(_divmodhi4.o)
 .bss           0x00000000        0x0 c:/program files (x86)/atmel/studio/7.0/toolchain/avr8/avr8-gnu-toolchain/bin/../lib/gcc/avr/5.4.0/avr5\libgcc.a(_divmodhi4.o)
 .text.libgcc.mul
                0x00000000        0x0 c:/program files (x86)/atmel/studio/7.0/toolchain/avr8/avr8-gnu-toolchain/bin/../lib/gcc/avr/5.4.0/avr5\libgcc.a(_divmodhi4.o)
 .text.libgcc.div
                0x00000000       0x28 c:/program files (x86)/atmel/studio/7.0/toolchain/avr8/avr8-gnu-toolchain/bin/../lib/gcc/avr/5.4.0/avr5\libgcc.a(_divmodhi4.o)
 .text.libgcc   0x00000000        0x0 c:/program files (x86)/atmel/studio/7.0/toolchain/avr8/avr8-gnu-toolchain/bin/../lib/gcc/avr/5.4.0/avr5\libgcc.a(_divmodhi4.o)
 .text.libgcc.prologue
                0x00000000        0x0 c:/program files (x86)/atmel/studio/7.0/toolchain/avr8/avr8-gnu-toolchain/bin/../lib/gcc/avr/5.4.0/avr5\libgcc.a(_divmodhi4.o)
 .text.libgcc.builtins
                0x00000000        0x0 c:/program files (x86)/atmel/studio/7.0/toolchain/avr8/avr8-gnu-toolchain/bin/../lib/gcc/avr/5.4.0/avr5\libgcc.a(_divmodhi4.o)
 .text.libgcc.fmul
                0x00000000        0x0 c:/program files (x86)/atmel/studio/7.0/toolchain/avr8/avr8-gnu-toolchain/bin/../lib/gcc/avr/5.4.0/avr5\libgcc.a(_divmodhi4.o)
 .text.libgcc.fixed
                0x00000000        0x0 c:/program files (x86)/atmel/studio/7.0/toolchain/avr8/avr8-gnu-toolchain/bin/../lib/gcc/avr/5.4.0/avr5\libgcc.a(_divmodhi4.o)
 .text          0x00000000        0x0 c:/program files (x86)/atmel/studio/7.0/toolchain/avr8/avr8-gnu-toolchain/bin/../lib/gcc/avr/5.4.0/avr5\libgcc.a(_udivmodsi4.o)
 .data          0x00000000        0x0 c:/program files (x86)/atmel/studio/7.0/toolchain/avr8/avr8-gnu-toolchain/bin/../lib/gcc/avr/5.4.0/avr5\libgcc.a(_udivmodsi4.o)
 .bss           0x00000000        0x0 c:/program files (x86)/atmel/studio/7.0/toolchain/avr8/avr8-gnu-toolchain/bin/../lib/gcc/avr/5.4.0/avr5\libgcc.a(_udivmodsi4.o)
 .text.libgcc.mul
                0x00000000        0x0 c:/program files (x86)/atmel/studio/7.0/toolchain/avr8/avr8-gnu-toolchain/bin/../lib/gcc/avr/5.4.0/avr5\libgcc.a(_udivmodsi4.o)
 .text.libgcc   0x00000000        0x0 c:/program files (x86)/atmel/studio/7.0/toolchain/avr8/avr8-gnu-toolchain/bin/../lib/gcc/avr/5.4.0/avr5\libgcc.a(_udivmodsi4.o)
 .text.libgcc.prologue
                0x00000000        0x0 c:/program files (x86)/atmel/studio/7.0/toolchain/avr8/avr8-gnu-toolchain/bin/../lib/gcc/avr/5.4.0/avr5\libgcc.a(_udivmodsi4.o)
 .text.libgcc.builtins
                0x00000000        0x0 c:/program files (x86)/atmel/studio/7.0/toolchain/avr8/avr8-gnu-toolchain/bin/../lib/gcc/avr/5.4.0/avr5\libgcc.a(_udivmodsi4.o)
 .text.libgcc.fmul
                0x00000000        0x0 c:/program files (x86)/atmel/studio/7.0/toolchain/avr8/avr8-gnu-toolchain/bin/../lib/gcc/avr/5.4.0/avr5\libgcc.a(_udivmodsi4.o)
 .text.libgcc.fixed
                0x00000000        0x0 c:/program files (x86)/atmel/studio/7.0/toolchain/avr8/avr8-gnu-toolchain/bin/../lib/gcc/avr/5.4.0/avr5\libgcc.a(_udivmodsi4.o)
 .text          0x00000000        0x0 c:/program files (x86)/atmel/studio/7.0/toolchain/avr8/avr8-gnu-toolchain/bin/../lib/gcc/avr/5.4.0/avr5\libgcc.a(_divmodsi4.o)
 .data          0x00000000        0x0 c:/program files (x86)/atmel/studio/7.0/toolchain/avr8/avr8-gnu-toolchain/bin/../lib/gcc/avr/5.4.0/avr5\libgcc.a(_divmodsi4.o)
 .bss           0x00000000        0x0 c:/program files (x86)/atmel/studio/7.0/toolchain/avr8/avr8-gnu-toolchain/bin/../lib/gcc/avr/5.4.0/avr5\libgcc.a(_divmodsi4.o)
 .text.libgcc.mul
                0x00000000        0x0 c:/program files (x86)/atmel/studio/7.0/toolchain/avr8/avr8-gnu-toolchain/bin/../lib/gcc/avr/5.4.0/avr5\libgcc.a(_divmodsi4.o)
 .text.libgcc   0x00000000        0x0 c:/program files (x86)/atmel/studio/7.0/toolchain/avr8/avr8-gnu-toolchain/bin/../lib/gcc/avr/5.4.0/avr5\libgcc.a(_divmodsi4.o)
 .text.libgcc.prologue
                0x00000000        0x0 c:/program files (x86)/atmel/studio/7.0/toolchain/avr8/avr8-gnu-toolchain/bin/../lib/gcc/avr/5.4.0/avr5\libgcc.a(_divmodsi4.o)
 .text.libgcc.builtins
                0x00000000        0x0 c:/program files (x86)/atmel/studio/7.0/toolchain/avr8/avr8-gnu-toolchain/bin/../lib/gcc/avr/5.4.0/avr5\libgcc.a(_divmodsi4.o)
 .text.libgcc.fmul
                0x00000000        0x0 c:/program files (x86)/atmel/studio/7.0/toolchain/avr8/avr8-gnu-toolchain/bin/../lib/gcc/avr/5.4.0/avr5\libgcc.a(_divmodsi4.o)
 .text.libgcc.fixed
                0x00000000        0x0 c:/program files (x86)/atmel/studio/7.0/toolchain/avr8/avr8-gnu-toolchain/bin/../lib/gcc/avr/5.4.0/avr5\libgcc.a(_divmodsi4.o)
 .text          0x00000000        0x0 c:/program files (x86)/atmel/studio/7.0/toolchain/avr8/avr8-gnu-toolchain/bin/../lib/gcc/avr/5.4.0/avr5\libgcc.a(_negsi2.o)
 .data          0x00000000        0x0 c:/program files (x86)/atmel/studio/7.0/toolchain/avr8/avr8-gnu-toolchain/bin/../lib/gcc/avr/5.4.0/avr5\libgcc.a(_negsi2.o)
 .bss           0x00000000        0x0 c:/program files (x86)/atmel/studio/7.0/toolchain/avr8/avr8-gnu-toolchain/bin/../lib/gcc/avr/5.4.0/avr5\libgcc.a(_negsi2.o)
 .text.libgcc.mul
                0x00000000        0x0 c:/program files (x86)/atmel/studio/7.0/toolchain/avr8/avr8-gnu-toolchain/bin/../lib/gcc/avr/5.4.0/avr5\libgcc.a(_negsi2.o)
 .text.libgcc   0x00000000        0x0 c:/program files (x86)/atmel/studio/7.0/toolchain/avr8/avr8-gnu-toolchain/bin/../lib/gcc/avr/5.4.0/avr5\libgcc.a(_negsi2.o)
 .text.libgcc.prologue
                0x00000000        0x0 c:/program files (x86)/atmel/studio/7.0/toolchain/avr8/avr8-gnu-toolchain/bin/../lib/gcc/avr/5.4.0/avr5\libgcc.a(_negsi2.o)
 .text.libgcc.builtins
                0x00000000        0x0 c:/program files (x86)/atmel/studio/7.0/toolchain/avr8/avr8-gnu-toolchain/bin/../lib/gcc/avr/5.4.0/avr5\libgcc.a(_negsi2.o)
 .text.libgcc.fmul
                0x00000000        0x0 c:/program files (x86)/atmel/studio/7.0/toolchain/avr8/avr8-gnu-toolchain/bin/../lib/gcc/avr/5.4.0/avr5\libgcc.a(_negsi2.o)
 .text.libgcc.fixed
                0x00000000        0x0 c:/program files (x86)/atmel/studio/7.0/toolchain/avr8/avr8-gnu-toolchain/bin/../lib/gcc/avr/5.4.0/avr5\libgcc.a(_negsi2.o)
 .text          0x00000000        0x0 c:/program files (x86)/atmel/studio/7.0/toolchain/avr8/avr8-gnu-toolchain/bin/../lib/gcc/avr/5.4.0/avr5\libgcc.a(_exit.o)
 .data          0x00000000        0x0 c:/program files (x86)/atmel/studio/7.0/toolchain/avr8/avr8-gnu-toolchain/bin/../lib/gcc/avr/5.4.0/avr5\libgcc.a(_exit.o)
 .bss           0x00000000        0x0 c:/program files (x86)/atmel/studio/7.0/toolchain/avr8/avr8-gnu-toolchain/bin/../lib/gcc/avr/5.4.0/avr5\libgcc.a(_exit.o)
 .text.libgcc.mul
                0x00000000        0x0 c:/program files (x86)/atmel/studio/7.0/toolchain/avr8/avr8-gnu-toolchain/bin/../lib/gcc/avr/5.4.0/avr5\libgcc.a(_exit.o)
 .text.libgcc.div
                0x00000000        0x0 c:/program files (x86)/atmel/studio/7.0/toolchain/avr8/avr8-gnu-toolchain/bin/../lib/gcc/avr/5.4.0/avr5\libgcc.a(_exit.o)
 .text.libgcc   0x00000000        0x0 c:/program files (x86)/atmel/studio/7.0/toolchain/avr8/avr8-gnu-toolchain/bin/../lib/gcc/avr/5.4.0/avr5\libgcc.a(_exit.o)
 .text.libgcc.prologue
                0x00000000        0x0 c:/program files (x86)/atmel/studio/7.0/toolchain/avr8/avr8-gnu-toolchain/bin/../lib/gcc/avr/5.4.0/avr5\libgcc.a(_exit.o)
 .text.libgcc.builtins
                0x00000000        0x0 c:/program files (x86)/atmel/studio/7.0/toolchain/avr8/avr8-gnu-toolchain/bin/../lib/gcc/avr/5.4.0/avr5\libgcc.a(_exit.o)
 .text.libgcc.fmul
                0x00000000        0x0 c:/program files (x86)/atmel/studio/7.0/toolchain/avr8/avr8-gnu-toolchain/bin/../lib/gcc/avr/5.4.0/avr5\libgcc.a(_exit.o)
 .text.libgcc.fixed
                0x00000000        0x0 c:/program files (x86)/atmel/studio/7.0/toolchain/avr8/avr8-gnu-toolchain/bin/../lib/gcc/avr/5.4.0/avr5\libgcc.a(_exit.o)
 .text          0x00000000        0x0 c:/program files (x86)/atmel/studio/7.0/toolchain/avr8/avr8-gnu-toolchain/bin/../lib/gcc/avr/5.4.0/avr5\libgcc.a(_tablejump2.o)
 .data          0x00000000        0x0 c:/program files (x86)/atmel/studio/7.0/toolchain/avr8/avr8-gnu-toolchain/bin/../lib/gcc/avr/5.4.0/avr5\libgcc.a(_tablejump2.o)
 .bss           0x00000000        0x0 c:/program files (x86)/atmel/studio/7.0/toolchain/avr8/avr8-gnu-toolchain/bin/../lib/gcc/avr/5.4.0/avr5\libgcc.a(_tablejump2.o)
 .text.libgcc.mul
                0x00000000        0x0 c:/program files (x86)/atmel/studio/7.0/toolchain/avr8/avr8-gnu-toolchain/bin/../lib/gcc/avr/5.4.0/avr5\libgcc.a(_tablejump2.o)
 .text.libgcc.div
                0x00000000        0x0 c:/program files (x86)/atmel/studio/7.0/toolchain/avr8/avr8-gnu-toolchain/bin/../lib/gcc/avr/5.4.0/avr5\libgcc.a(_tablejump2.o)
 .text.libgcc.prologue
                0x00000000        0x0 c:/program files (x86)/atmel/studio/7.0/toolchain/avr8/avr8-gnu-toolchain/bin/../lib/gcc/avr/5.4.0/avr5\libgcc.a(_tablejump2.o)
 .text.libgcc.builtins
                0x00000000        0x0 c:/program files (x86)/atmel/studio/7.0/toolchain/avr8/avr8-gnu-toolchain/bin/../lib/gcc/avr/5.4.0/avr5\libgcc.a(_tablejump2.o)
 .text.libgcc.fmul
                0x00000000        0x0 c:/program files (x86)/atmel/studio/7.0/toolchain/avr8/avr8-gnu-toolchain/bin/../lib/gcc/avr/5.4.0/avr5\libgcc.a(_tablejump2.o)
 .text.libgcc.fixed
                0x00000000        0x0 c:/program files (x86)/atmel/studio/7.0/toolchain/avr8/avr8-gnu-toolchain/bin/../lib/gcc/avr/5.4.0/avr5\libgcc.a(_tablejump2.o)
 .text          0x00000000        0x0 c:/program files (x86)/atmel/studio/7.0/toolchain/avr8/avr8-gnu-toolchain/bin/../lib/gcc/avr/5.4.0/avr5\libgcc.a(_copy_data.o)
 .data          0x00000000        0x0 c:/program files (x86)/atmel/studio/7.0/toolchain/avr8/avr8-gnu-toolchain/bin/../lib/gcc/avr/5.4.0/avr5\libgcc.a(_copy_data.o)
 .bss           0x00000000        0x0 c:/program files (x86)/atmel/studio/7.0/toolchain/avr8/avr8-gnu-toolchain/bin/../lib/gcc/avr/5.4.0/avr5\libgcc.a(_copy_data.o)
 .text.libgcc.mul
                0x00000000        0x0 c:/program files (x86)/atmel/studio/7.0/toolchain/avr8/avr8-gnu-toolchain/bin/../lib/gcc/avr/5.4.0/avr5\libgcc.a(_copy_data.o)
 .text.libgcc.div
                0x00000000        0x0 c:/program files (x86)/atmel/studio/7.0/toolchain/avr8/avr8-gnu-toolchain/bin/../lib/gcc/avr/5.4.0/avr5\libgcc.a(_copy_data.o)
 .text.libgcc   0x00000000        0x0 c:/program files (x86)/atmel/studio/7.0/toolchain/avr8/avr8-gnu-toolchain/bin/../lib/gcc/avr/5.4.0/avr5\libgcc.a(_copy_data.o)
 .text.libgcc.prologue
                0x00000000        0x0 c:/program files (x86)/atmel/studio/7.0/toolchain/avr8/avr8-gnu-toolchain/bin/../lib/gcc/avr/5.4.0/avr5\libgcc.a(_copy_data.o)
 .text.libgcc.builtins
                0x00000000        0x0 c:/program files (x86)/atmel/studio/7.0/toolchain/avr8/avr8-gnu-toolchain/bin/../lib/gcc/avr/5.4.0/avr5\libgcc.a(_copy_data.o)
 .text.libgcc.fmul
                0x00000000        0x0 c:/program files (x86)/atmel/studio/7.0/toolchain/avr8/avr8-gnu-toolchain/bin/../lib/gcc/avr/5.4.0/avr5\libgcc.a(_copy_data.o)
 .text.libgcc.fixed
                0x00000000        0x0 c:/program files (x86)/atmel/studio/7.0/toolchain/avr8/avr8-gnu-toolchain/bin/../lib/gcc/avr/5.4.0/avr5\libgcc.a(_copy_data.o)
 .text          0x00000000        0x0 c:/program files (x86)/atmel/studio/7.0/toolchain/avr8/avr8-gnu-toolchain/bin/../lib/gcc/avr/5.4.0/avr5\libgcc.a(_clear_bss.o)
 .data          0x00000000        0x0 c:/program files (x86)/atmel/studio/7.0/toolchain/avr8/avr8-gnu-toolchain/bin/../lib/gcc/avr/5.4.0/avr5\libgcc.a(_clear_bss.o)
 .bss           0x00000000        0x0 c:/program files (x86)/atmel/studio/7.0/toolchain/avr8/avr8-gnu-toolchain/bin/../lib/gcc/avr/5.4.0/avr5\libgcc.a(_clear_bss.o)
 .text.libgcc.mul
                0x00000000        0x0 c:/program files (x86)/atmel/studio/7.0/toolchain/avr8/avr8-gnu-toolchain/bin/../lib/gcc/avr/5.4.0/avr5\libgcc.a(_clear_bss.o)
 .text.libgcc.div
                0x00000000        0x0 c:/program files (x86)/atmel/studio/7.0/toolchain/avr8/avr8-gnu-toolchain/bin/../lib/gcc/avr/5.4.0/avr5\libgcc.a(_clear_bss.o)
 .text.libgcc   0x00000000        0x0 c:/program files (x86)/atmel/studio/7.0/toolchain/avr8/avr8-gnu-toolchain/bin/../lib/gcc/avr/5.4.0/avr5\libgcc.a(_clear_bss.o)
 .text.libgcc.prologue
                0x00000000        0x0 c:/program files (x86)/atmel/studio/7.0/toolchain/avr8/avr8-gnu-toolchain/bin/../lib/gcc/avr/5.4.0/avr5\libgcc.a(_clear_bss.o)
 .text.libgcc.builtins
                0x00000000        0x0 c:/program files (x86)/atmel/studio/7.0/toolchain/avr8/avr8-gnu-toolchain/bin/../lib/gcc/avr/5.4.0/avr5\libgcc.a(_clear_bss.o)
 .text.libgcc.fmul
                0x00000000        0x0 c:/program files (x86)/atmel/studio/7.0/toolchain/avr8/avr8-gnu-toolchain/bin/../lib/gcc/avr/5.4.0/avr5\libgcc.a(_clear_bss.o)
 .text.libgcc.fixed
                0x00000000        0x0 c:/program files (x86)/atmel/studio/7.0/toolchain/avr8/avr8-gnu-toolchain/bin/../lib/gcc/avr/5.4.0/avr5\libgcc.a(_clear_bss.o)
 .text          0x00000000        0x0 c:/program files (x86)/atmel/studio/7.0/toolchain/avr8/avr8-gnu-toolchain/bin/../lib/gcc/avr/5.4.0/avr5\libgcc.a(_umulhisi3.o)
 .data          0x00000000        0x0 c:/program files (x86)/atmel/studio/7.0/toolchain/avr8/avr8-gnu-toolchain/bin/../lib/gcc/avr/5.4.0/avr5\libgcc.a(_umulhisi3.o)
 .bss           0x00000000        0x0 c:/program files (x86)/atmel/studio/7.0/toolchain/avr8/avr8-gnu-toolchain/bin/../lib/gcc/avr/5.4.0/avr5\libgcc.a(_umulhisi3.o)
 .text.libgcc.div
                0x00000000        0x0 c:/program files (x86)/atmel/studio/7.0/toolchain/avr8/avr8-gnu-toolchain/bin/../lib/gcc/avr/5.4.0/avr5\libgcc.a(_umulhisi3.o)
 .text.libgcc   0x00000000        0x0 c:/program files (x86)/atmel/studio/7.0/toolchain/avr8/avr8-gnu-toolchain/bin/../lib/gcc/avr/5.4.0/avr5\libgcc.a(_umulhisi3.o)
 .text.libgcc.prologue
                0x00000000        0x0 c:/program files (x86)/atmel/studio/7.0/toolchain/avr8/avr8-gnu-toolchain/bin/../lib/gcc/avr/5.4.0/avr5\libgcc.a(_umulhisi3.o)
 .text.libgcc.builtins
                0x00000000        0x0 c:/program files (x86)/atmel/studio/7.0/toolchain/avr8/avr8-gnu-toolchain/bin/../lib/gcc/avr/5.4.0/avr5\libgcc.a(_umulhisi3.o)
 .text.libgcc.fmul
                0x00000000        0x0 c:/program files (x86)/atmel/studio/7.0/toolchain/avr8/avr8-gnu-toolchain/bin/../lib/gcc/avr/5.4.0/avr5\libgcc.a(_umulhisi3.o)
 .text.libgcc.fixed
                0x00000000        0x0 c:/program files (x86)/atmel/studio/7.0/toolchain/avr8/avr8-gnu-toolchain/bin/../lib/gcc/avr/5.4.0/avr5\libgcc.a(_umulhisi3.o)
 .text          0x00000000        0x0 c:/program files (x86)/atmel/studio/7.0/toolchain/avr8/avr8-gnu-toolchain/bin/../lib/gcc/avr/5.4.0/avr5\libgcc.a(_muluhisi3.o)
 .data          0x00000000        0x0 c:/program files (x86)/atmel/studio/7.0/toolchain/avr8/avr8-gnu-toolchain/bin/../lib/gcc/avr/5.4.0/avr5\libgcc.a(_muluhisi3.o)
 .bss           0x00000000        0x0 c:/program files (x86)/atmel/studio/7.0/toolchain/avr8/avr8-gnu-toolchain/bin/../lib/gcc/avr/5.4.0/avr5\libgcc.a(_muluhisi3.o)
 .text.libgcc.div
                0x00000000        0x0 c:/program files (x86)/atmel/studio/7.0/toolchain/avr8/avr8-gnu-toolchain/bin/../lib/gcc/avr/5.4.0/avr5\libgcc.a(_muluhisi3.o)
 .text.libgcc   0x00000000        0x0 c:/program files (x86)/atmel/studio/7.0/toolchain/avr8/avr8-gnu-toolchain/bin/../lib/gcc/avr/5.4.0/avr5\libgcc.a(_muluhisi3.o)
 .text.libgcc.prologue
                0x00000000        0x0 c:/program files (x86)/atmel/studio/7.0/toolchain/avr8/avr8-gnu-toolchain/bin/../lib/gcc/avr/5.4.0/avr5\libgcc.a(_muluhisi3.o)
 .text.libgcc.builtins
                0x00000000        0x0 c:/program files (x86)/atmel/studio/7.0/toolchain/avr8/avr8-gnu-toolchain/bin/../lib/gcc/avr/5.4.0/avr5\libgcc.a(_muluhisi3.o)
 .text.libgcc.fmul
                0x00000000        0x0 c:/program files (x86)/atmel/studio/7.0/toolchain/avr8/avr8-gnu-toolchain/bin/../lib/gcc/avr/5.4.0/avr5\libgcc.a(_muluhisi3.o)
 .text.libgcc.fixed
                0x00000000        0x0 c:/program files (x86)/atmel/studio/7.0/toolchain/avr8/avr8-gnu-toolchain/bin/../lib/gcc/avr/5.4.0/avr5\libgcc.a(_muluhisi3.o)

Memory Configuration

Name             Origin             Length             Attributes
text             0x00000000         0x00020000         xr
data             0x00800060         0x0000ffa0         rw !x
eeprom           0x00810000         0x00010000         rw !x
fuse             0x00820000         0x00000003         rw !x
lock             0x00830000         0x00000400         rw !x
signature        0x00840000         0x00000400         rw !x
user_signatures  0x00850000         0x00000400         rw !x
*default*        0x00000000         0xffffffff

Linker script and memory map

Address of section .data set to 0x800100
LOAD C:/Program Files (x86)/Atmel/Studio/7.0/Packs/atmel/ATmega_DFP/1.2.150/gcc/dev/atmega328p/avr5/crtatmega328p.o
LOAD main.o
START GROUP
LOAD c:/program files (x86)/atmel/studio/7.0/toolchain/avr8/avr8-gnu-toolchain/bin/../lib/gcc/avr/5.4.0/../../../../avr/lib/avr5\libm.a
LOAD D:\Workspace\CPP\dany-bot-frimware\DanyBotFrimWare\DanyBotLibrary\Debug\libDanyBotLibrary.a
END GROUP
LOAD c:/program files (x86)/atmel/studio/7.0/toolchain/avr8/avr8-gnu-toolchain/bin/../lib/gcc/avr/5.4.0/avr5\libgcc.a
LOAD c:/program files (x86)/atmel/studio/7.0/toolchain/avr8/avr8-gnu-toolchain/bin/../lib/gcc/avr/5.4.0/../../../../avr/lib/avr5\libm.a
START GROUP
LOAD c:/program files (x86)/atmel/studio/7.0/toolchain/avr8/avr8-gnu-toolchain/bin/../lib/gcc/avr/5.4.0/avr5\libgcc.a
LOAD c:/program files (x86)/atmel/studio/7.0/toolchain/avr8/avr8-gnu-toolchain/bin/../lib/gcc/avr/5.4.0/../../../../avr/lib/avr5\libm.a
LOAD c:/program files (x86)/atmel/studio/7.0/toolchain/avr8/avr8-gnu-toolchain/bin/../lib/gcc/avr/5.4.0/../../../../avr/lib/avr5\libc.a
LOAD C:/Program Files (x86)/Atmel/Studio/7.0/Packs/atmel/ATmega_DFP/1.2.150/gcc/dev/atmega328p/avr5\libatmega328p.a
END GROUP
                0x00020000                __TEXT_REGION_LENGTH__ = DEFINED (__TEXT_REGION_LENGTH__)?__TEXT_REGION_LENGTH__:0x20000
                0x0000ffa0                __DATA_REGION_LENGTH__ = DEFINED (__DATA_REGION_LENGTH__)?__DATA_REGION_LENGTH__:0xffa0
                0x00010000                __EEPROM_REGION_LENGTH__ = DEFINED (__EEPROM_REGION_LENGTH__)?__EEPROM_REGION_LENGTH__:0x10000
                [0x00000003]                __FUSE_REGION_LENGTH__ = DEFINED (__FUSE_REGION_LENGTH__)?__FUSE_REGION_LENGTH__:0x400
                0x00000400                __LOCK_REGION_LENGTH__ = DEFINED (__LOCK_REGION_LENGTH__)?__LOCK_REGION_LENGTH__:0x400
                0x00000400                __SIGNATURE_REGION_LENGTH__ = DEFINED (__SIGNATURE_REGION_LENGTH__)?__SIGNATURE_REGION_LENGTH__:0x400
                0x00000400                __USER_SIGNATURE_REGION_LENGTH__ = DEFINED (__USER_SIGNATURE_REGION_LENGTH__)?__USER_SIGNATURE_REGION_LENGTH__:0x400

.hash
 *(.hash)

.dynsym
 *(.dynsym)

.dynstr
 *(.dynstr)

.gnu.version
 *(.gnu.version)

.gnu.version_d
 *(.gnu.version_d)

.gnu.version_r
 *(.gnu.version_r)

.rel.init
 *(.rel.init)

.rela.init
 *(.rela.init)

.rel.text
 *(.rel.text)
 *(.rel.text.*)
 *(.rel.gnu.linkonce.t*)

.rela.text
 *(.rela.text)
 *(.rela.text.*)
 *(.rela.gnu.linkonce.t*)

.rel.fini
 *(.rel.fini)

.rela.fini
 *(.rela.fini)

.rel.rodata
 *(.rel.rodata)
 *(.rel.rodata.*)
 *(.rel.gnu.linkonce.r*)

.rela.rodata
 *(.rela.rodata)
 *(.rela.rodata.*)
 *(.rela.gnu.linkonce.r*)

.rel.data
 *(.rel.data)
 *(.rel.data.*)
 *(.rel.gnu.linkonce.d*)

.rela.data
 *(.rela.data)
 *(.rela.data.*)
 *(.rela.gnu.linkonce.d*)

.rel.ctors
 *(.rel.ctors)

.rela.ctors
 *(.rela.ctors)

.rel.dtors
 *(.rel.dtors)

.rela.dtors
 *(.rela.dtors)

.rel.got
 *(.rel.got)

.rela.got
 *(.rela.got)

.rel.bss
 *(.rel.bss)

.rela.bss
 *(.rela.bss)

.rel.plt
 *(.rel.plt)

.rela.plt
 *(.rela.plt)

.text           0x00000000      0xc20
 *(.vectors)
 .vectors       0x00000000       0x68 C:/Program Files (x86)/Atmel/Studio/7.0/Packs/atmel/ATmega_DFP/1.2.150/gcc/dev/atmega328p/avr5/crtatmega328p.o
                0x00000000                __vector_default
                0x00000000                __vectors
 *(.vectors)
 *(.progmem.gcc*)
 .progmem.gcc_sw_table._ZN13DanyBotBuzzer8playNoteEhjh
                0x00000068       0x18 D:\Workspace\CPP\dany-bot-frimware\DanyBotFrimWare\DanyBotLibrary\Debug\libDanyBotLibrary.a(DanyBotBuzzer.o)
 .progmem.gcc_sw_table._ZL8nextNotev
                0x00000080       0xac D:\Workspace\CPP\dany-bot-frimware\DanyBotFrimWare\DanyBotLibrary\Debug\libDanyBotLibrary.a(DanyBotBuzzer.o)
                0x0000012c                . = ALIGN (0x2)
                0x0000012c                __trampolines_start = .
 *(.trampolines)
 .trampolines   0x0000012c        0x0 linker stubs
 *(.trampolines*)
                0x0000012c                __trampolines_end = .
 *libprintf_flt.a:*(.progmem.data)
 *libc.a:*(.progmem.data)
 *(.progmem*)
                0x0000012c                . = ALIGN (0x2)
 *(.jumptables)
 *(.jumptables*)
 *(.lowtext)
 *(.lowtext*)
                0x0000012c                __ctors_start = .
 *(.ctors)
                0x0000012c                __ctors_end = .
                0x0000012c                __dtors_start = .
 *(.dtors)
                0x0000012c                __dtors_end = .
 SORT(*)(.ctors)
 SORT(*)(.dtors)
 *(.init0)
 .init0         0x0000012c        0x0 C:/Program Files (x86)/Atmel/Studio/7.0/Packs/atmel/ATmega_DFP/1.2.150/gcc/dev/atmega328p/avr5/crtatmega328p.o
                0x0000012c                __init
 *(.init0)
 *(.init1)
 *(.init1)
 *(.init2)
 .init2         0x0000012c        0xc C:/Program Files (x86)/Atmel/Studio/7.0/Packs/atmel/ATmega_DFP/1.2.150/gcc/dev/atmega328p/avr5/crtatmega328p.o
 *(.init2)
 *(.init3)
 *(.init3)
 *(.init4)
 .init4         0x00000138       0x16 c:/program files (x86)/atmel/studio/7.0/toolchain/avr8/avr8-gnu-toolchain/bin/../lib/gcc/avr/5.4.0/avr5\libgcc.a(_copy_data.o)
                0x00000138                __do_copy_data
 .init4         0x0000014e       0x10 c:/program files (x86)/atmel/studio/7.0/toolchain/avr8/avr8-gnu-toolchain/bin/../lib/gcc/avr/5.4.0/avr5\libgcc.a(_clear_bss.o)
                0x0000014e                __do_clear_bss
 *(.init4)
 *(.init5)
 *(.init5)
 *(.init6)
 *(.init6)
 *(.init7)
 *(.init7)
 *(.init8)
 *(.init8)
 *(.init9)
 .init9         0x0000015e        0x8 C:/Program Files (x86)/Atmel/Studio/7.0/Packs/atmel/ATmega_DFP/1.2.150/gcc/dev/atmega328p/avr5/crtatmega328p.o
 *(.init9)
 *(.text)
 .text          0x00000166        0x4 C:/Program Files (x86)/Atmel/Studio/7.0/Packs/atmel/ATmega_DFP/1.2.150/gcc/dev/atmega328p/avr5/crtatmega328p.o
                0x00000166                __vector_22
                0x00000166                __vector_1
                0x00000166                __vector_24
                0x00000166                __vector_12
                0x00000166                __bad_interrupt
                0x00000166                __vector_6
                0x00000166                __vector_3
                0x00000166                __vector_23
                0x00000166                __vector_25
                0x00000166                __vector_11
                0x00000166                __vector_13
                0x00000166                __vector_17
                0x00000166                __vector_7
                0x00000166                __vector_5
                0x00000166                __vector_4
                0x00000166                __vector_2
                0x00000166                __vector_21
                0x00000166                __vector_15
                0x00000166                __vector_8
                0x00000166                __vector_14
                0x00000166                __vector_10
                0x00000166                __vector_20
                0x0000016a                . = ALIGN (0x2)
 *(.text.*)
 .text._Z5setUpv
                0x0000016a       0x1e main.o
                0x0000016a                _Z5setUpv
 .text.main     0x00000188       0x3a main.o
                0x00000188                main
 .text._ZL16currentCharacterv
                0x000001c2       0x48 D:\Workspace\CPP\dany-bot-frimware\DanyBotFrimWare\DanyBotLibrary\Debug\libDanyBotLibrary.a(DanyBotBuzzer.o)
 .text._ZL9getNumberv
                0x0000020a       0x60 D:\Workspace\CPP\dany-bot-frimware\DanyBotFrimWare\DanyBotLibrary\Debug\libDanyBotLibrary.a(DanyBotBuzzer.o)
 .text._ZN13DanyBotBuzzer5setUpEv
                0x0000026a       0x20 D:\Workspace\CPP\dany-bot-frimware\DanyBotFrimWare\DanyBotLibrary\Debug\libDanyBotLibrary.a(DanyBotBuzzer.o)
                0x0000026a                _ZN13DanyBotBuzzer5setUpEv
 .text._ZN13DanyBotBuzzer13playFrequencyEjjh
                0x0000028a      0x214 D:\Workspace\CPP\dany-bot-frimware\DanyBotFrimWare\DanyBotLibrary\Debug\libDanyBotLibrary.a(DanyBotBuzzer.o)
                0x0000028a                _ZN13DanyBotBuzzer13playFrequencyEjjh
 .text._ZN13DanyBotBuzzer8playNoteEhjh
                0x0000049e      0x112 D:\Workspace\CPP\dany-bot-frimware\DanyBotFrimWare\DanyBotLibrary\Debug\libDanyBotLibrary.a(DanyBotBuzzer.o)
                0x0000049e                _ZN13DanyBotBuzzer8playNoteEhjh
 .text._ZL8nextNotev
                0x000005b0      0x2a8 D:\Workspace\CPP\dany-bot-frimware\DanyBotFrimWare\DanyBotLibrary\Debug\libDanyBotLibrary.a(DanyBotBuzzer.o)
 .text.__vector_9
                0x00000858       0x98 D:\Workspace\CPP\dany-bot-frimware\DanyBotFrimWare\DanyBotLibrary\Debug\libDanyBotLibrary.a(DanyBotBuzzer.o)
                0x00000858                __vector_9
 .text._ZN10DanyBotLed5setUpEv
                0x000008f0        0x4 D:\Workspace\CPP\dany-bot-frimware\DanyBotFrimWare\DanyBotLibrary\Debug\libDanyBotLibrary.a(DanyBotLed.o)
                0x000008f0                _ZN10DanyBotLed5setUpEv
 .text._ZN10DanyBotLed6toggleEv
                0x000008f4        0xa D:\Workspace\CPP\dany-bot-frimware\DanyBotFrimWare\DanyBotLibrary\Debug\libDanyBotLibrary.a(DanyBotLed.o)
                0x000008f4                _ZN10DanyBotLed6toggleEv
 .text._ZN17DanyBotLineSensor9emiterOffEv
                0x000008fe       0x10 D:\Workspace\CPP\dany-bot-frimware\DanyBotFrimWare\DanyBotLibrary\Debug\libDanyBotLibrary.a(DanyBotLineSensor.o)
                0x000008fe                _ZN17DanyBotLineSensor9emiterOffEv
 .text._ZN17DanyBotLineSensor5resetEv
                0x0000090e       0x24 D:\Workspace\CPP\dany-bot-frimware\DanyBotFrimWare\DanyBotLibrary\Debug\libDanyBotLibrary.a(DanyBotLineSensor.o)
                0x0000090e                _ZN17DanyBotLineSensor5resetEv
 .text._ZN17DanyBotLineSensor5setUpEv
                0x00000932        0x8 D:\Workspace\CPP\dany-bot-frimware\DanyBotFrimWare\DanyBotLibrary\Debug\libDanyBotLibrary.a(DanyBotLineSensor.o)
                0x00000932                _ZN17DanyBotLineSensor5setUpEv
 .text._ZN13DanyBotMotors5setUpEv
                0x0000093a       0x1e D:\Workspace\CPP\dany-bot-frimware\DanyBotFrimWare\DanyBotLibrary\Debug\libDanyBotLibrary.a(DanyBotMotors.o)
                0x0000093a                _ZN13DanyBotMotors5setUpEv
 .text._ZN17DanyBotPushButton5setUpEv
                0x00000958        0x6 D:\Workspace\CPP\dany-bot-frimware\DanyBotFrimWare\DanyBotLibrary\Debug\libDanyBotLibrary.a(DanyBotPushButton.o)
                0x00000958                _ZN17DanyBotPushButton5setUpEv
 .text._ZN13DanyBotSerial5setUpEv
                0x0000095e       0x28 D:\Workspace\CPP\dany-bot-frimware\DanyBotFrimWare\DanyBotLibrary\Debug\libDanyBotLibrary.a(DanyBotSerial.o)
                0x0000095e                _ZN13DanyBotSerial5setUpEv
 .text._ZN13DanyBotSerial9writeByteEh
                0x00000986       0x2a D:\Workspace\CPP\dany-bot-frimware\DanyBotFrimWare\DanyBotLibrary\Debug\libDanyBotLibrary.a(DanyBotSerial.o)
                0x00000986                _ZN13DanyBotSerial9writeByteEh
 .text.__vector_18
                0x000009b0       0x56 D:\Workspace\CPP\dany-bot-frimware\DanyBotFrimWare\DanyBotLibrary\Debug\libDanyBotLibrary.a(DanyBotSerial.o)
                0x000009b0                __vector_18
 .text.__vector_19
                0x00000a06       0x54 D:\Workspace\CPP\dany-bot-frimware\DanyBotFrimWare\DanyBotLibrary\Debug\libDanyBotLibrary.a(DanyBotSerial.o)
                0x00000a06                __vector_19
 .text._ZN12DanyBotTimer5setUpEv
                0x00000a5a       0x24 D:\Workspace\CPP\dany-bot-frimware\DanyBotFrimWare\DanyBotLibrary\Debug\libDanyBotLibrary.a(DanyBotTimer.o)
                0x00000a5a                _ZN12DanyBotTimer5setUpEv
 .text.__vector_16
                0x00000a7e       0x94 D:\Workspace\CPP\dany-bot-frimware\DanyBotFrimWare\DanyBotLibrary\Debug\libDanyBotLibrary.a(DanyBotTimer.o)
                0x00000a7e                __vector_16
 .text.libgcc.mul
                0x00000b12       0x20 c:/program files (x86)/atmel/studio/7.0/toolchain/avr8/avr8-gnu-toolchain/bin/../lib/gcc/avr/5.4.0/avr5\libgcc.a(_mulsi3.o)
                0x00000b12                __mulsi3
 .text.libgcc.div
                0x00000b32       0x28 c:/program files (x86)/atmel/studio/7.0/toolchain/avr8/avr8-gnu-toolchain/bin/../lib/gcc/avr/5.4.0/avr5\libgcc.a(_udivmodhi4.o)
                0x00000b32                __udivmodhi4
 .text.libgcc.div
                0x00000b5a       0x44 c:/program files (x86)/atmel/studio/7.0/toolchain/avr8/avr8-gnu-toolchain/bin/../lib/gcc/avr/5.4.0/avr5\libgcc.a(_udivmodsi4.o)
                0x00000b5a                __udivmodsi4
 .text.libgcc.div
                0x00000b9e       0x2e c:/program files (x86)/atmel/studio/7.0/toolchain/avr8/avr8-gnu-toolchain/bin/../lib/gcc/avr/5.4.0/avr5\libgcc.a(_divmodsi4.o)
                0x00000b9e                __divmodsi4
 .text.libgcc.div
                0x00000bcc       0x10 c:/program files (x86)/atmel/studio/7.0/toolchain/avr8/avr8-gnu-toolchain/bin/../lib/gcc/avr/5.4.0/avr5\libgcc.a(_negsi2.o)
                0x00000bcc                __negsi2
 .text.libgcc   0x00000bdc        0xc c:/program files (x86)/atmel/studio/7.0/toolchain/avr8/avr8-gnu-toolchain/bin/../lib/gcc/avr/5.4.0/avr5\libgcc.a(_tablejump2.o)
                0x00000bdc                __tablejump2__
 .text.libgcc.mul
                0x00000be8       0x1e c:/program files (x86)/atmel/studio/7.0/toolchain/avr8/avr8-gnu-toolchain/bin/../lib/gcc/avr/5.4.0/avr5\libgcc.a(_umulhisi3.o)
                0x00000be8                __umulhisi3
 .text.libgcc.mul
                0x00000c06       0x16 c:/program files (x86)/atmel/studio/7.0/toolchain/avr8/avr8-gnu-toolchain/bin/../lib/gcc/avr/5.4.0/avr5\libgcc.a(_muluhisi3.o)
                0x00000c06                __muluhisi3
                0x00000c1c                . = ALIGN (0x2)
 *(.fini9)
 .fini9         0x00000c1c        0x0 c:/program files (x86)/atmel/studio/7.0/toolchain/avr8/avr8-gnu-toolchain/bin/../lib/gcc/avr/5.4.0/avr5\libgcc.a(_exit.o)
                0x00000c1c                _exit
                0x00000c1c                exit
 *(.fini9)
 *(.fini8)
 *(.fini8)
 *(.fini7)
 *(.fini7)
 *(.fini6)
 *(.fini6)
 *(.fini5)
 *(.fini5)
 *(.fini4)
 *(.fini4)
 *(.fini3)
 *(.fini3)
 *(.fini2)
 *(.fini2)
 *(.fini1)
 *(.fini1)
 *(.fini0)
 .fini0         0x00000c1c        0x4 c:/program files (x86)/atmel/studio/7.0/toolchain/avr8/avr8-gnu-toolchain/bin/../lib/gcc/avr/5.4.0/avr5\libgcc.a(_exit.o)
 *(.fini0)
                0x00000c20                _etext = .

.data           0x00800100       0x1a load address 0x00000c20
                0x00800100                PROVIDE (__data_start, .)
 *(.data)
 *(.data*)
 .data._ZL6volume
                0x00800100        0x2 D:\Workspace\CPP\dany-bot-frimware\DanyBotFrimWare\DanyBotLibrary\Debug\libDanyBotLibrary.a(DanyBotBuzzer.o)
 .data._ZL8duration
                0x00800102        0x2 D:\Workspace\CPP\dany-bot-frimware\DanyBotFrimWare\DanyBotLibrary\Debug\libDanyBotLibrary.a(DanyBotBuzzer.o)
 .data._ZL9note_type
                0x00800104        0x2 D:\Workspace\CPP\dany-bot-frimware\DanyBotFrimWare\DanyBotLibrary\Debug\libDanyBotLibrary.a(DanyBotBuzzer.o)
 .data._ZL19whole_note_duration
                0x00800106        0x2 D:\Workspace\CPP\dany-bot-frimware\DanyBotFrimWare\DanyBotLibrary\Debug\libDanyBotLibrary.a(DanyBotBuzzer.o)
 .data._ZL6octave
                0x00800108        0x1 D:\Workspace\CPP\dany-bot-frimware\DanyBotFrimWare\DanyBotLibrary\Debug\libDanyBotLibrary.a(DanyBotBuzzer.o)
 .data.buzzerFinished
                0x00800109        0x1 D:\Workspace\CPP\dany-bot-frimware\DanyBotFrimWare\DanyBotLibrary\Debug\libDanyBotLibrary.a(DanyBotBuzzer.o)
                0x00800109                buzzerFinished
 *(.gnu.linkonce.d*)
 *(.rodata)
 *(.rodata*)
 .rodata._ZL11cs2_divider
                0x0080010a       0x10 D:\Workspace\CPP\dany-bot-frimware\DanyBotFrimWare\DanyBotLibrary\Debug\libDanyBotLibrary.a(DanyBotBuzzer.o)
 *(.gnu.linkonce.r*)
                0x0080011a                . = ALIGN (0x2)
                0x0080011a                _edata = .
                0x0080011a                PROVIDE (__data_end, .)

.bss            0x0080011a       0x6e
                0x0080011a                PROVIDE (__bss_start, .)
 *(.bss)
 *(.bss*)
 .bss._ZL22staccato_rest_duration
                0x0080011a        0x1 D:\Workspace\CPP\dany-bot-frimware\DanyBotFrimWare\DanyBotLibrary\Debug\libDanyBotLibrary.a(DanyBotBuzzer.o)
 .bss._ZL8staccato
                0x0080011b        0x1 D:\Workspace\CPP\dany-bot-frimware\DanyBotFrimWare\DanyBotLibrary\Debug\libDanyBotLibrary.a(DanyBotBuzzer.o)
 .bss._ZL17use_program_space
                0x0080011c        0x1 D:\Workspace\CPP\dany-bot-frimware\DanyBotFrimWare\DanyBotLibrary\Debug\libDanyBotLibrary.a(DanyBotBuzzer.o)
 .bss._ZL17play_mode_setting
                0x0080011d        0x1 D:\Workspace\CPP\dany-bot-frimware\DanyBotFrimWare\DanyBotLibrary\Debug\libDanyBotLibrary.a(DanyBotBuzzer.o)
 .bss._ZL13buzzerTimeout
                0x0080011e        0x2 D:\Workspace\CPP\dany-bot-frimware\DanyBotFrimWare\DanyBotLibrary\Debug\libDanyBotLibrary.a(DanyBotBuzzer.o)
 .bss.buzzerSequence
                0x00800120        0x2 D:\Workspace\CPP\dany-bot-frimware\DanyBotFrimWare\DanyBotLibrary\Debug\libDanyBotLibrary.a(DanyBotBuzzer.o)
                0x00800120                buzzerSequence
 .bss.calibratedMin
                0x00800122        0xc D:\Workspace\CPP\dany-bot-frimware\DanyBotFrimWare\DanyBotLibrary\Debug\libDanyBotLibrary.a(DanyBotLineSensor.o)
                0x00800122                calibratedMin
 .bss.calibratedMax
                0x0080012e        0xc D:\Workspace\CPP\dany-bot-frimware\DanyBotFrimWare\DanyBotLibrary\Debug\libDanyBotLibrary.a(DanyBotLineSensor.o)
                0x0080012e                calibratedMax
 .bss._ZL16UART_LastRxError
                0x0080013a        0x1 D:\Workspace\CPP\dany-bot-frimware\DanyBotFrimWare\DanyBotLibrary\Debug\libDanyBotLibrary.a(DanyBotSerial.o)
 .bss._ZL11UART_RxTail
                0x0080013b        0x1 D:\Workspace\CPP\dany-bot-frimware\DanyBotFrimWare\DanyBotLibrary\Debug\libDanyBotLibrary.a(DanyBotSerial.o)
 .bss._ZL11UART_RxHead
                0x0080013c        0x1 D:\Workspace\CPP\dany-bot-frimware\DanyBotFrimWare\DanyBotLibrary\Debug\libDanyBotLibrary.a(DanyBotSerial.o)
 .bss._ZL11UART_TxTail
                0x0080013d        0x1 D:\Workspace\CPP\dany-bot-frimware\DanyBotFrimWare\DanyBotLibrary\Debug\libDanyBotLibrary.a(DanyBotSerial.o)
 .bss._ZL11UART_TxHead
                0x0080013e        0x1 D:\Workspace\CPP\dany-bot-frimware\DanyBotFrimWare\DanyBotLibrary\Debug\libDanyBotLibrary.a(DanyBotSerial.o)
 .bss._ZL10UART_RxBuf
                0x0080013f       0x20 D:\Workspace\CPP\dany-bot-frimware\DanyBotFrimWare\DanyBotLibrary\Debug\libDanyBotLibrary.a(DanyBotSerial.o)
 .bss._ZL10UART_TxBuf
                0x0080015f       0x20 D:\Workspace\CPP\dany-bot-frimware\DanyBotFrimWare\DanyBotLibrary\Debug\libDanyBotLibrary.a(DanyBotSerial.o)
 .bss._ZL12timer0_fract
                0x0080017f        0x1 D:\Workspace\CPP\dany-bot-frimware\DanyBotFrimWare\DanyBotLibrary\Debug\libDanyBotLibrary.a(DanyBotTimer.o)
 .bss.timer0_millis
                0x00800180        0x4 D:\Workspace\CPP\dany-bot-frimware\DanyBotFrimWare\DanyBotLibrary\Debug\libDanyBotLibrary.a(DanyBotTimer.o)
                0x00800180                timer0_millis
 .bss.timer0_overflow_count
                0x00800184        0x4 D:\Workspace\CPP\dany-bot-frimware\DanyBotFrimWare\DanyBotLibrary\Debug\libDanyBotLibrary.a(DanyBotTimer.o)
                0x00800184                timer0_overflow_count
 *(COMMON)
                0x00800188                PROVIDE (__bss_end, .)
                0x00000c20                __data_load_start = LOADADDR (.data)
                0x00000c3a                __data_load_end = (__data_load_start + SIZEOF (.data))

.noinit         0x00800188        0x0
                [!provide]                PROVIDE (__noinit_start, .)
 *(.noinit*)
                [!provide]                PROVIDE (__noinit_end, .)
                0x00800188                _end = .
                [!provide]                PROVIDE (__heap_start, .)

.eeprom         0x00810000        0x0
 *(.eeprom*)
                0x00810000                __eeprom_end = .

.fuse
 *(.fuse)
 *(.lfuse)
 *(.hfuse)
 *(.efuse)

.lock
 *(.lock*)

.signature
 *(.signature*)

.user_signatures
 *(.user_signatures*)

.stab
 *(.stab)

.stabstr
 *(.stabstr)

.stab.excl
 *(.stab.excl)

.stab.exclstr
 *(.stab.exclstr)

.stab.index
 *(.stab.index)

.stab.indexstr
 *(.stab.indexstr)

.comment        0x00000000       0x30
 *(.comment)
 .comment       0x00000000       0x30 main.o
                                 0x31 (size before relaxing)
 .comment       0x00000030       0x31 D:\Workspace\CPP\dany-bot-frimware\DanyBotFrimWare\DanyBotLibrary\Debug\libDanyBotLibrary.a(DanyBotBuzzer.o)
 .comment       0x00000030       0x31 D:\Workspace\CPP\dany-bot-frimware\DanyBotFrimWare\DanyBotLibrary\Debug\libDanyBotLibrary.a(DanyBotLed.o)
 .comment       0x00000030       0x31 D:\Workspace\CPP\dany-bot-frimware\DanyBotFrimWare\DanyBotLibrary\Debug\libDanyBotLibrary.a(DanyBotLineSensor.o)
 .comment       0x00000030       0x31 D:\Workspace\CPP\dany-bot-frimware\DanyBotFrimWare\DanyBotLibrary\Debug\libDanyBotLibrary.a(DanyBotMotors.o)
 .comment       0x00000030       0x31 D:\Workspace\CPP\dany-bot-frimware\DanyBotFrimWare\DanyBotLibrary\Debug\libDanyBotLibrary.a(DanyBotPushButton.o)
 .comment       0x00000030       0x31 D:\Workspace\CPP\dany-bot-frimware\DanyBotFrimWare\DanyBotLibrary\Debug\libDanyBotLibrary.a(DanyBotSerial.o)
 .comment       0x00000030       0x31 D:\Workspace\CPP\dany-bot-frimware\DanyBotFrimWare\DanyBotLibrary\Debug\libDanyBotLibrary.a(DanyBotTimer.o)

.note.gnu.avr.deviceinfo
                0x00000000       0x40
 .note.gnu.avr.deviceinfo
                0x00000000       0x40 C:/Program Files (x86)/Atmel/Studio/7.0/Packs/atmel/ATmega_DFP/1.2.150/gcc/dev/atmega328p/avr5/crtatmega328p.o

.note.gnu.build-id
 *(.note.gnu.build-id)

.debug
 *(.debug)

.line
 *(.line)

.debug_srcinfo
 *(.debug_srcinfo)

.debug_sfnames
 *(.debug_sfnames)

.debug_aranges  0x00000000      0x258
 *(.debug_aranges)
 .debug_aranges
                0x00000000       0x28 main.o
 .debug_aranges
                0x00000028       0x80 D:\Workspace\CPP\dany-bot-frimware\DanyBotFrimWare\DanyBotLibrary\Debug\libDanyBotLibrary.a(DanyBotBuzzer.o)
 .debug_aranges
                0x000000a8       0x38 D:\Workspace\CPP\dany-bot-frimware\DanyBotFrimWare\DanyBotLibrary\Debug\libDanyBotLibrary.a(DanyBotLed.o)
 .debug_aranges
                0x000000e0       0x60 D:\Workspace\CPP\dany-bot-frimware\DanyBotFrimWare\DanyBotLibrary\Debug\libDanyBotLibrary.a(DanyBotLineSensor.o)
 .debug_aranges
                0x00000140       0x38 D:\Workspace\CPP\dany-bot-frimware\DanyBotFrimWare\DanyBotLibrary\Debug\libDanyBotLibrary.a(DanyBotMotors.o)
 .debug_aranges
                0x00000178       0x48 D:\Workspace\CPP\dany-bot-frimware\DanyBotFrimWare\DanyBotLibrary\Debug\libDanyBotLibrary.a(DanyBotPushButton.o)
 .debug_aranges
                0x000001c0       0x50 D:\Workspace\CPP\dany-bot-frimware\DanyBotFrimWare\DanyBotLibrary\Debug\libDanyBotLibrary.a(DanyBotSerial.o)
 .debug_aranges
                0x00000210       0x48 D:\Workspace\CPP\dany-bot-frimware\DanyBotFrimWare\DanyBotLibrary\Debug\libDanyBotLibrary.a(DanyBotTimer.o)

.debug_pubnames
 *(.debug_pubnames)

.debug_info     0x00000000     0x1ceb
 *(.debug_info .gnu.linkonce.wi.*)
 .debug_info    0x00000000      0x5f4 C:/Program Files (x86)/Atmel/Studio/7.0/Packs/atmel/ATmega_DFP/1.2.150/gcc/dev/atmega328p/avr5/crtatmega328p.o
 .debug_info    0x000005f4      0x1f6 main.o
 .debug_info    0x000007ea      0x66e D:\Workspace\CPP\dany-bot-frimware\DanyBotFrimWare\DanyBotLibrary\Debug\libDanyBotLibrary.a(DanyBotBuzzer.o)
 .debug_info    0x00000e58       0xe9 D:\Workspace\CPP\dany-bot-frimware\DanyBotFrimWare\DanyBotLibrary\Debug\libDanyBotLibrary.a(DanyBotLed.o)
 .debug_info    0x00000f41      0x53d D:\Workspace\CPP\dany-bot-frimware\DanyBotFrimWare\DanyBotLibrary\Debug\libDanyBotLibrary.a(DanyBotLineSensor.o)
 .debug_info    0x0000147e      0x1a9 D:\Workspace\CPP\dany-bot-frimware\DanyBotFrimWare\DanyBotLibrary\Debug\libDanyBotLibrary.a(DanyBotMotors.o)
 .debug_info    0x00001627      0x257 D:\Workspace\CPP\dany-bot-frimware\DanyBotFrimWare\DanyBotLibrary\Debug\libDanyBotLibrary.a(DanyBotPushButton.o)
 .debug_info    0x0000187e      0x286 D:\Workspace\CPP\dany-bot-frimware\DanyBotFrimWare\DanyBotLibrary\Debug\libDanyBotLibrary.a(DanyBotSerial.o)
 .debug_info    0x00001b04      0x1e7 D:\Workspace\CPP\dany-bot-frimware\DanyBotFrimWare\DanyBotLibrary\Debug\libDanyBotLibrary.a(DanyBotTimer.o)

.debug_abbrev   0x00000000      0xf60
 *(.debug_abbrev)
 .debug_abbrev  0x00000000      0x5a2 C:/Program Files (x86)/Atmel/Studio/7.0/Packs/atmel/ATmega_DFP/1.2.150/gcc/dev/atmega328p/avr5/crtatmega328p.o
 .debug_abbrev  0x000005a2      0x140 main.o
 .debug_abbrev  0x000006e2      0x223 D:\Workspace\CPP\dany-bot-frimware\DanyBotFrimWare\DanyBotLibrary\Debug\libDanyBotLibrary.a(DanyBotBuzzer.o)
 .debug_abbrev  0x00000905       0x6d D:\Workspace\CPP\dany-bot-frimware\DanyBotFrimWare\DanyBotLibrary\Debug\libDanyBotLibrary.a(DanyBotLed.o)
 .debug_abbrev  0x00000972      0x1e4 D:\Workspace\CPP\dany-bot-frimware\DanyBotFrimWare\DanyBotLibrary\Debug\libDanyBotLibrary.a(DanyBotLineSensor.o)
 .debug_abbrev  0x00000b56       0xf9 D:\Workspace\CPP\dany-bot-frimware\DanyBotFrimWare\DanyBotLibrary\Debug\libDanyBotLibrary.a(DanyBotMotors.o)
 .debug_abbrev  0x00000c4f      0x11f D:\Workspace\CPP\dany-bot-frimware\DanyBotFrimWare\DanyBotLibrary\Debug\libDanyBotLibrary.a(DanyBotPushButton.o)
 .debug_abbrev  0x00000d6e      0x107 D:\Workspace\CPP\dany-bot-frimware\DanyBotFrimWare\DanyBotLibrary\Debug\libDanyBotLibrary.a(DanyBotSerial.o)
 .debug_abbrev  0x00000e75       0xeb D:\Workspace\CPP\dany-bot-frimware\DanyBotFrimWare\DanyBotLibrary\Debug\libDanyBotLibrary.a(DanyBotTimer.o)

.debug_line     0x00000000     0x15ba
 *(.debug_line .debug_line.* .debug_line_end)
 .debug_line    0x00000000      0x133 C:/Program Files (x86)/Atmel/Studio/7.0/Packs/atmel/ATmega_DFP/1.2.150/gcc/dev/atmega328p/avr5/crtatmega328p.o
 .debug_line    0x00000133      0x179 main.o
 .debug_line    0x000002ac      0x71f D:\Workspace\CPP\dany-bot-frimware\DanyBotFrimWare\DanyBotLibrary\Debug\libDanyBotLibrary.a(DanyBotBuzzer.o)
 .debug_line    0x000009cb       0x9e D:\Workspace\CPP\dany-bot-frimware\DanyBotFrimWare\DanyBotLibrary\Debug\libDanyBotLibrary.a(DanyBotLed.o)
 .debug_line    0x00000a69      0x40f D:\Workspace\CPP\dany-bot-frimware\DanyBotFrimWare\DanyBotLibrary\Debug\libDanyBotLibrary.a(DanyBotLineSensor.o)
 .debug_line    0x00000e78      0x153 D:\Workspace\CPP\dany-bot-frimware\DanyBotFrimWare\DanyBotLibrary\Debug\libDanyBotLibrary.a(DanyBotMotors.o)
 .debug_line    0x00000fcb      0x1ef D:\Workspace\CPP\dany-bot-frimware\DanyBotFrimWare\DanyBotLibrary\Debug\libDanyBotLibrary.a(DanyBotPushButton.o)
 .debug_line    0x000011ba      0x210 D:\Workspace\CPP\dany-bot-frimware\DanyBotFrimWare\DanyBotLibrary\Debug\libDanyBotLibrary.a(DanyBotSerial.o)
 .debug_line    0x000013ca      0x1f0 D:\Workspace\CPP\dany-bot-frimware\DanyBotFrimWare\DanyBotLibrary\Debug\libDanyBotLibrary.a(DanyBotTimer.o)

.debug_frame    0x00000000      0x604
 *(.debug_frame)
 .debug_frame   0x00000000       0x34 main.o
 .debug_frame   0x00000034      0x1e8 D:\Workspace\CPP\dany-bot-frimware\DanyBotFrimWare\DanyBotLibrary\Debug\libDanyBotLibrary.a(DanyBotBuzzer.o)
 .debug_frame   0x0000021c       0x54 D:\Workspace\CPP\dany-bot-frimware\DanyBotFrimWare\DanyBotLibrary\Debug\libDanyBotLibrary.a(DanyBotLed.o)
 .debug_frame   0x00000270      0x15c D:\Workspace\CPP\dany-bot-frimware\DanyBotFrimWare\DanyBotLibrary\Debug\libDanyBotLibrary.a(DanyBotLineSensor.o)
 .debug_frame   0x000003cc       0x60 D:\Workspace\CPP\dany-bot-frimware\DanyBotFrimWare\DanyBotLibrary\Debug\libDanyBotLibrary.a(DanyBotMotors.o)
 .debug_frame   0x0000042c       0x74 D:\Workspace\CPP\dany-bot-frimware\DanyBotFrimWare\DanyBotLibrary\Debug\libDanyBotLibrary.a(DanyBotPushButton.o)
 .debug_frame   0x000004a0       0xc8 D:\Workspace\CPP\dany-bot-frimware\DanyBotFrimWare\DanyBotLibrary\Debug\libDanyBotLibrary.a(DanyBotSerial.o)
 .debug_frame   0x00000568       0x9c D:\Workspace\CPP\dany-bot-frimware\DanyBotFrimWare\DanyBotLibrary\Debug\libDanyBotLibrary.a(DanyBotTimer.o)

.debug_str      0x00000000      0xf16
 *(.debug_str)
 .debug_str     0x00000000      0x208 C:/Program Files (x86)/Atmel/Studio/7.0/Packs/atmel/ATmega_DFP/1.2.150/gcc/dev/atmega328p/avr5/crtatmega328p.o
 .debug_str     0x00000208      0x201 main.o
                                0x23b (size before relaxing)
 .debug_str     0x00000409      0x36b D:\Workspace\CPP\dany-bot-frimware\DanyBotFrimWare\DanyBotLibrary\Debug\libDanyBotLibrary.a(DanyBotBuzzer.o)
                                0x4f2 (size before relaxing)
 .debug_str     0x00000774       0x8b D:\Workspace\CPP\dany-bot-frimware\DanyBotFrimWare\DanyBotLibrary\Debug\libDanyBotLibrary.a(DanyBotLed.o)
                                0x21c (size before relaxing)
 .debug_str     0x000007ff      0x20e D:\Workspace\CPP\dany-bot-frimware\DanyBotFrimWare\DanyBotLibrary\Debug\libDanyBotLibrary.a(DanyBotLineSensor.o)
                                0x411 (size before relaxing)
 .debug_str     0x00000a0d       0xf2 D:\Workspace\CPP\dany-bot-frimware\DanyBotFrimWare\DanyBotLibrary\Debug\libDanyBotLibrary.a(DanyBotMotors.o)
                                0x291 (size before relaxing)
 .debug_str     0x00000aff      0x165 D:\Workspace\CPP\dany-bot-frimware\DanyBotFrimWare\DanyBotLibrary\Debug\libDanyBotLibrary.a(DanyBotPushButton.o)
                                0x346 (size before relaxing)
 .debug_str     0x00000c64      0x1aa D:\Workspace\CPP\dany-bot-frimware\DanyBotFrimWare\DanyBotLibrary\Debug\libDanyBotLibrary.a(DanyBotSerial.o)
                                0x34c (size before relaxing)
 .debug_str     0x00000e0e      0x108 D:\Workspace\CPP\dany-bot-frimware\DanyBotFrimWare\DanyBotLibrary\Debug\libDanyBotLibrary.a(DanyBotTimer.o)
                                0x2b1 (size before relaxing)

.debug_loc      0x00000000     0x15d3
 *(.debug_loc)
 .debug_loc     0x00000000       0xbb main.o
 .debug_loc     0x000000bb      0xb0d D:\Workspace\CPP\dany-bot-frimware\DanyBotFrimWare\DanyBotLibrary\Debug\libDanyBotLibrary.a(DanyBotBuzzer.o)
 .debug_loc     0x00000bc8      0x55b D:\Workspace\CPP\dany-bot-frimware\DanyBotFrimWare\DanyBotLibrary\Debug\libDanyBotLibrary.a(DanyBotLineSensor.o)
 .debug_loc     0x00001123       0xf7 D:\Workspace\CPP\dany-bot-frimware\DanyBotFrimWare\DanyBotLibrary\Debug\libDanyBotLibrary.a(DanyBotMotors.o)
 .debug_loc     0x0000121a       0x90 D:\Workspace\CPP\dany-bot-frimware\DanyBotFrimWare\DanyBotLibrary\Debug\libDanyBotLibrary.a(DanyBotPushButton.o)
 .debug_loc     0x000012aa      0x1c0 D:\Workspace\CPP\dany-bot-frimware\DanyBotFrimWare\DanyBotLibrary\Debug\libDanyBotLibrary.a(DanyBotSerial.o)
 .debug_loc     0x0000146a      0x169 D:\Workspace\CPP\dany-bot-frimware\DanyBotFrimWare\DanyBotLibrary\Debug\libDanyBotLibrary.a(DanyBotTimer.o)

.debug_macinfo
 *(.debug_macinfo)

.debug_weaknames
 *(.debug_weaknames)

.debug_funcnames
 *(.debug_funcnames)

.debug_typenames
 *(.debug_typenames)

.debug_varnames
 *(.debug_varnames)

.debug_pubtypes
 *(.debug_pubtypes)

.debug_ranges   0x00000000      0x208
 *(.debug_ranges)
 .debug_ranges  0x00000000       0x18 main.o
 .debug_ranges  0x00000018       0x70 D:\Workspace\CPP\dany-bot-frimware\DanyBotFrimWare\DanyBotLibrary\Debug\libDanyBotLibrary.a(DanyBotBuzzer.o)
 .debug_ranges  0x00000088       0x28 D:\Workspace\CPP\dany-bot-frimware\DanyBotFrimWare\DanyBotLibrary\Debug\libDanyBotLibrary.a(DanyBotLed.o)
 .debug_ranges  0x000000b0       0x80 D:\Workspace\CPP\dany-bot-frimware\DanyBotFrimWare\DanyBotLibrary\Debug\libDanyBotLibrary.a(DanyBotLineSensor.o)
 .debug_ranges  0x00000130       0x28 D:\Workspace\CPP\dany-bot-frimware\DanyBotFrimWare\DanyBotLibrary\Debug\libDanyBotLibrary.a(DanyBotMotors.o)
 .debug_ranges  0x00000158       0x38 D:\Workspace\CPP\dany-bot-frimware\DanyBotFrimWare\DanyBotLibrary\Debug\libDanyBotLibrary.a(DanyBotPushButton.o)
 .debug_ranges  0x00000190       0x40 D:\Workspace\CPP\dany-bot-frimware\DanyBotFrimWare\DanyBotLibrary\Debug\libDanyBotLibrary.a(DanyBotSerial.o)
 .debug_ranges  0x000001d0       0x38 D:\Workspace\CPP\dany-bot-frimware\DanyBotFrimWare\DanyBotLibrary\Debug\libDanyBotLibrary.a(DanyBotTimer.o)

.debug_macro
 *(.debug_macro)
OUTPUT(DanyBotFrimWare.elf elf32-avr)
LOAD linker stubs
